<a>
	<b>
		<c>Content</c>
	</b>
	<d><c>Content</c></d>
</a>